######################## keep this line! #######################################
80x40
################################################################################
#..............................................................................#
#........x.....................................................................#
#................................O...OOO...................x...................#
#..............................................................................#
#.......OO.....................................................................#
#.........O....................................................................#
#....................................x......................x..................#
#.................x.................................................=======....#
#..................x................................................=xxOOO.....#
#............x...................................O..................=xxxOO.....#
#.............................x.....................................=xxxxO.....#
#.....................O......................................==============....#
#............................................................=.................#
#............................................................=.................#
#..............................................................................#
#........O.....................................................................#
#........O............................................OOOO.....................#
#........O..............................P...........OOOOOOOOOOO................#
#........O.......................................OOxxxOOOOOO...................#
#........................      X     .............OOOxOOOOOOOO.................#
#........................ .......... .............OOOOOOOOOOOOOO...............#
#........................ ...            .......OOOOOOOOOOOOOOO................#
#........................ .......... .............OOOOOOOOOOOO.................#
#........................ .......... .................OOO......................#
#........................   B   .... ..........................................#
#..............................      ..........................................#
#..............................................................................#
#..................========......................       X        ..............#
#.........======....OOxOO==......................                ..............#
#.........=...............=...........x..........                .....x........#
#.........=.O.....O.......=........xxx...........                .....x........#
#.........=...x......x....=.........x............                ......x.......#
#.........=...............=......................                ..............#
#.........=..O...x....O...=......................                ..............#
#.........=...............=....................................................#
#.........=================....................................................#
#..............................................................................#
#..............................................................................2
################################################################################
gems=42

