20
################################################################################
#..............................................................................#
#........x.........O.......O...................................................#
#....P............x..............O...OOO...................x...................#
#......................x....OOO................................................#
#============================================..................................#
#.........O....................................................................#
#....................................x......................x..................#
#.................x.................................................=======....#
#..................x................................................=xxOOO.....#
#............x...............O...................O..................=xxxOO.....#
#...................................................................=xxxxO.....#
#.....................x......................................==============....#
#............................................................=.................#
#........................            ........................=.................#
#........................  xxxxxxxx  ..........................................#
#........O............... .......... ..........................................#
#........O...............      B     ..........................................#
#........O...............            ..........................................#
#........O...............  x  x   x  ..........................................#
#........................ .......... ................O.........................#
#........................      B     ..............OOOOOOOO....................#
#........................            ...........OOOOOxxxxxOOOOO................#
#........................   x x  x   .............OOOxxxxxOOOO.................#
#........................ .......... .................OOO......................#
#........................      B     ..........................................#
#..............................      ..........................................#
#..............................................................................#
#..................========......................          B     ..............#
#.........======....OOxOO==......................                ..............#
#.........=...............=...........x..........                .....x........#
#.........=.O.....O.......=........xxx...........                .....x........#
#.........=...x......x....=.........x............               B......x.......#
#.........=...............=......................                ..............#
#.........=..O...x....O...=......................                ..............#
#.........=...............=....................................................#
#.........=================....................................................#
#..............................................................................#
#..............................................................................#
################################################################################


